........................................................................ [  3%]
........................................................................ [  7%]
....................................................................s... [ 11%]
........................................................................ [ 15%]
.......................................................... [ 19%]
......................................................................F. [ 23%]
FFFFF................................................................... [ 26%]
........................................................................ [ 30%]
........F...................................................... [ 34%]
........................................................................ [ 38%]
............................................................F........... [ 42%]
.................................FF...FFFFFFFFFFFFF..F.................. [ 46%]
........................................F............................... [ 50%]
..........................s............................................. [ 54%]
........................................................................ [ 58%]
........................................................................ [ 62%]
......................F................................................. [ 66%]
........................................................................ [ 70%]
........................................................................ [ 74%]
.................................................................F... [ 77%]
.....F.................................................................. [ 81%]
....FFFF...FFF.....F....FF.................FFFF..............FFF........ [ 85%]
.............................................FFFF....................... [ 89%]
..................s.......................................... [ 93%]
.........................................................